border_size=1
usage=map

Gg          , Gg          , Gs          , Gs          , Gs          , Gs          , Gs          , Gs          , Gs          , Gs          , Gs          , Gs          , Gs          , Gs          , Gs          , Gs          , Gs          , Gg          , Gs          , Gs          , Gs          , Gs          , Gs          , Gs          , Ww          , Gg          , Gg          , Gg          , Gs          , Gg          , Gg          , Gg          , Gg          , Gg          , Gg          , Gg          , Gg          , Gg          , Gg          , Gg          , Gg          , Gg          
Gs          , Gs          , Gs          , Gs          , Gs          , Gs          , Gs          , Gs          , Gs          , Gs          , Gs          , Gs          , Gs          , Gs          , Gs          , Gs          , Gs          , Gs          , Gs          , Gs          , Gs          , Gs          , Gs          , Gs          , Gs          , Ww          , Gg          , Gg          , Gs          , Gs          , Gs          , Gg          , Gs          , Gs          , Gs          , Gs          , Gs          , Gg          , Gg          , Gg          , Gg          , Gg          
Gs          , Gs          , Gs          , Gd          , Gs          , Gs          , Gs          , Gs          , Gs          , Gs          , Gs          , Gs          , Gd          , Gs          , Gs          , Gs          , Gs          , Gs          , Gs          , Gs          , Gs          , Gs          , Gs          , Gs          , Gs          , Ww          , Ww          , Gg          , Gg          , Gs          , Gs          , Gs          , Gs          , Gg          , Gg          , Gg          , Gg          , Gs          , Gs          , Gs          , Gs          , Gg          
Gs          , Gs          , Gs          , Gs          , Gs          , Gs          , Gs          , Gs          , Gs          , Gs          , Gs          , Gs          , Gs          , Gs          , Gs          , Gs          , Gs          , Gs          , Gs          , Gs          , Gs          , Gs          , Gs          , Gs          , Gs          , Gs          , Wwf         , Gg          , Gg          , Gg          , Gs          , Gs          , Gs          , Gg          , Gs          , Gg          , Gs          , Gg          , Gg          , Gs          , Gs          , Gg          
Gs          , Gs          , Gs          , Gs          , Gs          , Gs          , Gs          , Gs          , Gs          , Gs          , Gs          , Gs          , Gs          , Gs          , Gs          , Gs          , Gs          , Gs          , Gg          , Gs          , Gg          , Gs          , Gs          , Gs          , Gs          , Gs          , Gs          , Wwf         , Wwf         , Gg          , Gs          , Gg          , Gs          , Gs          , Gs          , Gs          , Gg          , Gg          , Gg          , Gg          , Gs          , Gs          
Gs          , Gs          , Gs          , Gs          , Gs          , Gs          , Gs          , Gs          , Gs          , Gs          , Gs          , Gs          , Gs          , Gs          , Gs          , Gs          , Gs          , Gg          , Gg          , Gg          , Gs          , Gs          , Gs          , Co          , 3 Ko        , Co          , Gs          , Gg          , Ww          , Gg          , Gs          , Gg          , Gs          , Gs          , Gs          , Gg          , Gs          , Gg          , Gs          , Gg          , Gs          , Gs          
Gs          , Gs          , Gs          , Gs          , Gg          , Gg          , Gs          , Gs          , Gs          , Gs          , Gs          , Gs          , Gs          , Gs          , Gs          , Gs          , Gs          , Gg          , Gs          , Gs          , Gs          , Gs          , Gs          , Co          , Co          , Co          , Gs          , Gg          , Gg          , Ww          , Gg          , Gg          , Gg          , Gs          , Gs          , Gg          , Gg          , Gs          , Gg          , Gs          , Gs          , Gs          
Gs          , Gs          , Gg          , Ww          , Gg          , Gg          , Gs          , Gs          , Gs          , Gs          , Co          , Gs          , Gs          , Gs          , Gs          , Gs          , Gs          , Gs          , Gs          , Gs          , Gs          , Gs          , Gs          , Co          , Co          , Co          , Gs          , Gs          , Gg          , Ww          , Ww          , Gs          , Gg          , Gs          , Gs          , Gg          , Gg          , Gg          , Gg          , Gg          , Gs          , Gg          
Gs          , Gs          , Gg          , Ww          , Gg          , Gs          , Gs          , Gs          , Gs          , Co          , 5 Ko        , Co          , Gs          , Gs          , Gs          , Gs          , Gs          , Gs          , Gs          , Gs          , Gs          , Gs          , Gs          , Gs          , Co          , Gs          , Gs          , Gs          , Gs          , Gs          , Ww          , Gg          , Gg          , Gs          , Gs          , Gs          , Gg          , Gg          , Ww          , Gg          , Gs          , Gg          
Gs          , Gs          , Gs          , Wwr         , Gg          , Gs          , Gs          , Gs          , Co          , Co          , Co          , Co          , Co          , Gs          , Gs          , Gs          , Gs          , Gs          , Gs          , Gs          , Gs          , Gs          , Gs          , Co          , Co          , Co          , Gs          , Gs          , Gs          , Gs          , Gg          , Ww          , Gg          , Gg          , Gg          , Gg          , Ww          , Ww          , Ww          , Gg^Vo       , Gs          , Gs          
Gs          , Gs          , Gs          , Gg          , Gs          , Gs          , Gs          , Gs          , Gs          , Gs          , Gs          , Gs          , Gs          , Gs          , Gd          , Gd          , Gd          , Gd          , Gd          , Gd          , Gd          , Gd          , Gs          , Gs          , Gs          , Gs          , Gs          , Gs          , Gs          , Gs          , Gg          , Ww          , Ww          , Gg          , Ww          , Gg          , Gg          , Ww          , Ww          , Ww          , Gg          , Gs          
Gs          , Gs          , Gs          , Gs          , Gs          , Gs          , Gs          , Gs          , Gs          , Gs          , Gs          , Gs          , Gs          , Gs          , Gs          , Gs          , Gs          , Gs          , Gs          , Gs          , Gs          , Gd          , Gd          , Gs          , Gs          , Gs          , Gs          , Gs          , Gs          , Gs          , Gs          , Gs          , Gs          , Ww          , Gg          , Ww          , Ww          , Ww          , Gg          , Gg          , Gs          , Gg          
Gs          , Gs          , Gs          , Gs          , Gs          , Gs          , Gs          , Gs          , Gs          , Gs          , Gs          , Gs          , Gs          , Gs          , Gs          , Gs          , Gd          , Gs          , Gd          , Gs          , Gs          , Gs          , Gs          , Gs          , Gs          , Gs          , Gs          , Gs          , Gs          , Gs          , Gs          , Gs          , Co          , Gs          , Gs          , Gg          , Gg          , Wwr         , Ww          , Gg          , Gg          , Gg          
Gs          , Gs          , Gs          , Gs          , Gs          , Gs          , Gs          , Gs          , Gg          , Gs          , Gs          , Gs          , Gs          , Gs          , Gs          , Gd          , Gs          , Gd          , Gs          , Gs          , Gs          , Gs          , Gs          , Gs          , Gs          , Gs          , Gs          , Gs          , Gs          , Gs          , Gs          , Co          , 4 Ko        , Co          , Gs          , Gs          , Gs          , Gg          , Gs          , Ww          , Ww          , Gs          
Gs          , Gs          , Gs          , Gs          , Gs          , Gs          , Gs          , Gg          , Ww          , Hh          , Hh          , Gs          , Gs          , Gs          , Gs          , Gs          , Gs          , Gs          , Gs          , Gs          , Hh          , Gs          , Gs          , Gs          , Gs          , Gs          , Gs          , Gs          , Gs          , Gs          , Gs          , Co          , Co          , Co          , Gs          , Gs          , Gs          , Gg          , Gs          , Gs          , Ww          , Gs          
Gs          , Gs          , Gs          , Gs          , Gs          , Gs          , Gs          , Gg          , Hh          , Hh          , Gs          , Gs          , Gs          , Gs          , Gs          , Gs          , Gs          , Gs          , Gs          , Gs          , Gs          , Hh          , Hhd         , Gs          , Gs          , Gs          , Gs          , Gs          , Gs          , Gs          , Gs          , Co          , Co          , Co          , Gs          , Gs          , Gs          , Gs          , Gs          , Gs          , Gs          , Ww          
Gs          , Gs          , Gs          , Gs          , Gs          , Gs          , Gs          , Gs          , Hh          , Gs          , Gs          , Gs          , Gd          , Gs          , Gs          , Gs          , Gs          , Gs          , Gs          , Gs          , Gs          , Gd          , Hh          , Gs          , Gs          , Gs          , Gs          , Gs          , Gs          , Gs          , Gs          , Gs          , Gs          , Gs          , Gs          , Gs          , Gs          , Gs          , Gs          , Gs          , Gg          , Ww          
Gs          , Gs          , Gs          , Gd          , Gs          , Gs          , Gs          , Gs          , Hh          , Gs          , Hh          , Gd          , Hh          , Gs          , Hh          , Gs          , Gs          , Gs          , Gs          , Gs          , Gs          , Gs          , Gs          , Hh          , Hh          , Gs          , Gs          , Gs          , Gs          , Gs          , Gs          , Gs          , Gs          , Gs          , Gs          , Gs          , Gs          , Gs          , Gs          , Gs          , Gg          , Ww          
Gs          , Gs          , Gs          , Gd          , Gs          , Gs          , Gs          , Gs          , Gs          , Hh          , Gd          , Hhd         , Gd          , Hh          , Gs          , Hh          , Gs          , Gs          , Gs          , Gs          , Gs          , Gs          , Gs          , Gs          , Hh          , Gs          , Gs          , Gs          , Gs          , Gs          , Gs          , Gs          , Gs          , Gs          , Gd          , Gd          , Gd          , Gd          , Gs          , Gs          , Gs          , Gg          
Gs          , Gs          , Gs          , Gd          , Gs          , Gs          , Gs          , Gs          , Gs          , Gs          , Gs          , Gd          , Gs          , Gs          , Gs          , Gs          , Gs          , Gs          , Gs          , Gs          , Gs          , Gs          , Gs          , Gs          , Gs          , Gs          , Gs          , Gs          , Gs          , Gs          , Gs          , Gd          , Gd          , Gd          , Gd          , Gd          , Gd          , Gs          , Gs          , Gs          , Gs          , Gs          
Gs          , Gs          , Gs          , Gd          , Gs          , Gs          , Gs          , Gs          , Gd          , Gs          , Gs          , Gs          , Gs          , Gs          , Gs          , Gs          , Gs          , Gs          , Gs          , Gs          , Gs          , Gs          , Gs          , Gs          , Gs          , Gs          , Gs          , Gs          , Gs          , Gs          , Gs          , Gs          , Gd          , Gd          , Hhd         , Gd          , Gd          , Gs          , Gd          , Gs          , Gs          , Gs          
Gs          , Gs          , Gs          , Gd          , Gd          , Gs          , Gs          , Gs          , Gs          , Gd          , Gs          , Gs          , Gs          , Gs          , Gs          , Gs          , Gs          , Gs          , Hh          , Hh          , Mm          , Gs          , Gs          , Gs          , Gs          , Gs          , Gs          , Gs          , Gs          , Gs          , Gs          , Gs          , Gd          , Gd          , Hhd         , Gd          , Gd          , Gs          , Gd          , Gd          , Gs          , Gs          
Gs          , Gs          , Gs          , Gd          , Gd          , Gd          , Gs          , Gs          , Gs          , Gs          , Gs          , Gs          , Gs          , Gs          , Gs          , Gs          , Gs          , Gs          , Hh          , Mm          , Mm          , Hh          , Hh          , Gs          , Gs          , Gs          , Gs          , Gs          , Gs          , Gs          , Gd          , Gd          , Gd          , Hhd         , Gd          , Gd          , Gd          , Gs          , Gs          , Gs          , Gs          , Gs          
Gs          , Gs          , Gs          , Gs          , Gs          , Gs          , Gs          , Gs          , Gs          , Gs          , Gd          , Gd          , Gd          , Gd          , Gs          , Gs          , Gs          , Gs          , Gs          , Gs          , Gs          , Mm          , Hh          , Hh          , Gs          , Gs          , Gs          , Gs          , Gs          , Gs          , Gd          , Gd          , Hhd         , Hhd         , Gd          , Gd          , Gs          , Gs          , Gs          , Gs          , Gs          , Gs          
Gs          , Gs          , Gs          , Gs          , Gs          , Gs          , Gs          , Gs          , Gs          , Gs          , Gs          , Gs          , Gs          , Gs          , Gs          , Gs          , Gs          , Gs          , Gs          , Gs          , Gs          , Hh          , Gs          , Gs          , Gs          , Gs          , Gs          , Gs          , Gs          , Gs          , Gs          , Gd          , Hhd         , Gd          , Gd          , Gd          , Gs          , Gs          , Gs          , Gs          , Gs          , Gs          
Gs          , Gs          , Gs          , Gs          , Gd          , Gs          , Gs          , Gs          , Gs          , Gs          , Gs          , Gs          , Gs          , Gs          , Gs          , Gs          , Gs          , Gs          , Gs          , Gs          , Gs          , Hh          , Gs          , Gs          , Gs          , Gs          , Gs          , Gs          , Gs          , Gs          , Hh          , Hh          , Gs          , Gd          , Gd          , Gs          , Gs          , Gs          , Gs          , Gs          , Gs          , Gs          
Gs          , Gs          , Gs          , Gs          , Gd          , Gs          , Gs          , Gs          , Gs          , Gs          , Hh          , Gs          , Hh          , Hh          , Mm          , Hh          , Hh          , Gs          , Gs          , Gs          , Gs          , Gs          , Gs          , Gs          , Gs          , Gs          , Gs          , Gs          , Hh          , Hh          , Gs          , Gs          , Gs          , Gs          , Gd          , Gs          , Gs          , Gs          , Gs          , Gs          , Gs          , Gs          
Gs          , Gs          , Gs          , Gs          , Gd          , Gs          , Gs          , Gs          , Gs          , Gs          , Hh          , Gs          , Mm          , Hh          , Mm          , Mm          , Mm          , Hh          , Gs          , Gs          , Gs          , Gs          , Gs          , Gs          , Gs          , Gs          , Gs          , Hh          , Hh          , Gs          , Gs          , Gs          , Gs          , Gs          , Gs          , Gs          , Gs          , Gs          , Gs          , Gs          , Gg          , Gs          
Gs          , Gs          , Gs          , Gs          , Gd          , Gs          , Gs          , Gs          , Gs          , Hh          , Mm          , Mm          , Mm          , Mm          , Hhd         , Mm          , Hh          , Hh          , Gs          , Gs          , Gs          , Gs          , Gd          , Gs          , Gs          , Gs          , Gs          , Gs          , Gs          , Gs          , Gs          , Gs          , Gs          , Gs          , Gs          , Gs          , Gs          , Gs          , Gs          , Gg          , Gs          , Gg          
Gs          , Gs          , Gs          , Gs          , Gs          , Gd          , Gs          , Gs          , Hh          , Hh          , Hh          , Hh          , Mm          , Hhd         , Gd          , Hhd         , Hh          , Gs          , Gs          , Gs          , Gs          , Gd          , Gs          , Gs          , Gs          , Gs          , Gs          , Gs          , Gs          , Gs          , Gs          , Hh          , Hh          , Gs          , Gs          , Gs          , Gs          , Gs          , Gs          , Gs          , Gs          , Gs          
Gs          , Gs          , Gs          , Gs          , Gs          , Gs          , Gs          , Gs          , Gs          , Hh          , Hh          , Mm          , Mm          , Mm          , Hh          , Hh          , Gs          , Gs          , Gs          , Gs          , Gs          , Gs          , Gs          , Gs          , Gs          , Gs          , Gs          , Gs          , Hh          , Hh          , Mm          , Hh          , Hh          , Gs          , Gs          , Gs          , Gs          , Gs          , Gs          , Gs          , Gs          , Gg          
Hh          , Gs          , Gs          , Gs          , Gs          , Gs          , Gs          , Gs          , Gs          , Hh          , Gs          , Mm          , Hh          , Hh          , Gs          , Gs          , Gs          , Gs          , Gs          , Gs          , Gs          , Gs          , Gs          , Gs          , Gs          , Gs          , Gs          , Hh          , Gs          , Hh          , Hh          , Hhd         , Hh          , Hh          , Gs          , Gs          , Gs          , Gs          , Gs          , Gs          , Gs          , Gs          
Hh          , Hh          , Hh          , Hh          , Hh          , Hh          , Hh          , Gs          , Gs          , Gs          , Gs          , Gs          , Gs          , Gs          , Gs          , Gs          , Gs          , Gs          , Gs          , Gs          , Gs          , Gs          , Gd          , Gs          , Gs          , Gs          , Gs          , Gs          , Gs          , Gs          , Gs          , Gd          , Hh          , Mm          , Mm          , Gs          , Gs          , Gs          , Gd          , Gs          , Hh          , Gs          
Mm          , Mm          , Mm          , Mm          , Mm          , Hh          , Gs          , Gs          , Gs          , Gs          , Gs          , Gs          , Gs          , Gs          , Gs          , Gs          , Gs          , Gs          , Gs          , Gs          , Gs          , Gs          , Gs          , Gd          , Gd          , Gs          , Gs          , Gs          , Gs          , Gs          , Gd          , Gd          , Gd          , Hhd         , Hhd         , Hh          , Gs          , Gs          , Gd          , Gs          , Hh          , Gs          
Hh          , Hh          , Hh          , Hhd         , Hh          , Hh          , Gs          , Gs          , Gs          , Gs          , Gs          , Gs          , Gs          , Gs          , Gs          , Gs          , Gs          , Gs          , Gs          , Gs          , Gs          , Gs          , Gs          , Gs          , Gd          , Gd          , Gs          , Gs          , Gs          , Gs          , Gd          , Gd          , Gs          , Hh          , Hh          , Mm          , Mm          , Gs          , Gs          , Hhd         , Gs          , Gs          
Hh          , Hh          , Hhd         , Hh          , Hh          , Hh          , Gs          , Gs          , Gs          , Gs          , Gd          , Gs          , Gs          , Gs          , Gs          , Gs          , Gs          , Gs          , Chr         , Chr         , Gs          , Gs          , Gs          , Gs          , Gs          , Gd          , Gs          , Gs          , Gs          , Gs          , Gs          , Gs          , Gs          , Gs          , Gs          , Hh          , Mm          , Gs          , Hh          , Hh          , Gs          , Gs          
Mm          , Mm          , Mm          , Mm          , Mm          , Hh          , Hh          , Gs          , Gs          , Gd          , Gd          , Gd          , Gd          , Gs          , Gs          , Gs          , Gs          , Gs          , Chr         , 1 Khr       , Chr         , Gs          , Gs          , Gs          , Mm          , Gs          , Gs          , Gs          , Gs          , Gs          , Gs          , Gs          , Gs          , Gs          , Gs          , Hh          , Hh          , Hh          , Hh          , Hh          , Gs          , Gs          
Mm          , Mm          , Mm          , Mm          , Mm          , Mm          , Hh          , Hh          , Hh          , Gd          , Hh          , Gd          , Gd          , Gs          , Hh          , Gs          , Hh          , Gs          , Chr         , Chr         , Mm          , Gs          , Gs          , Mm          , Hh          , Hh          , Gs          , Gs          , Gs          , Gs          , Gs          , Gs          , Gs          , Gs          , Hh          , Hh          , Hh          , Hh          , Hh          , Hh          , Hh          , Gs          
Mm          , Mm          , Mm          , Mm          , Mm          , Mm          , Mm          , Mm          , Mm          , Hhd         , Hhd         , Hhd         , Hh          , Hh          , Mm          , Hh          , Mm          , Hh          , Chr         , Chr         , Chr         , Mm          , Mm          , Mm          , Gg          , Mm          , Hh          , Hh          , Hh          , Gs          , Hh          , Gs          , Hh          , Hh          , Hh          , Hh          , Mm          , Hhd         , Hhd         , Hh          , Hh          , Hh          
Mm          , Mm          , Mm          , Mm          , Mm          , Mm          , Mm          , Mm          , Mm          , Mm          , Mm          , Hhd         , Mm          , Mm          , Mm          , Mm          , Mm          , Hh          , Chr         , 2 Khr       , Chr         , Mm          , Mm          , Mm          , Mm          , Mm          , Mm          , Mm          , Mm          , Hh          , Mm          , Gs          , Hh          , Hh          , Mm          , Mm          , Mm          , Mm          , Mm          , Mm          , Mm          , Mm          
Mm          , Mm          , Mm          , Mm          , Mm          , Mm          , Mm          , Mm          , Mm          , Mm          , Mm          , Mm          , Mm          , Mm          , Mm          , Mm          , Mm          , Mm          , Mm          , Chr         , Mm          , Mm          , Mm          , Mm          , Mm          , Mm          , Mm          , Mm          , Mm          , Mm          , Mm          , Mm          , Mm          , Mm          , Mm          , Mm          , Mm          , Mm          , Mm          , Mm          , Mm          , Mm          
