border_size=1
usage=map

Wo          , Wo          , Wo          , Wo          , Wo          , Wo          , Wo          , Wo          , Wo          , Wo          , Wo          , Wo          , Wo          , Wo          , Wo          , Wo          , Wo          , Wo          , Wo          , Wo          , Wo          , Wo          , Wo          , Wo          , Wo          , Wo          , Wo          , Wo          , Wo          , Wo          , Wo          , Wo          , Wo          , Wo          , Wo          , Wo          , Wo          , Wo          , Wo          , Wo          , Wo          , Wo          , Wo          , Wo          , Wo          , Wo          , Wo          , Wo          , Wo          , Wo          , Wo          , Wo          , Wo          , Wo          , Wo          , Wo          , Wo          , Wo          , Wo          , Wo          , Wo          , Wo          , Wo          , Wo          , Wo          , Wo          , Wo          , Wo          , Wo          
Wo          , Wo          , Wo          , Wo          , Wo          , Wo          , Wo          , Wo          , Wo          , Wo          , Wo          , Wo          , Wo          , Wo          , Wo          , Wo          , Wo          , Wo          , Wo          , Wo          , Wo          , Wo          , Wo          , Wo          , Wo          , Wo          , Wo          , Wo          , Wo          , Wo          , Wo          , Wo          , Wo          , Wo          , Wo          , Wo          , Wo          , Wo          , Wo          , Wo          , Wo          , Wo          , Wo          , Wo          , Wo          , Wo          , Wo          , Wo          , Wo          , Wo          , Wo          , Wo          , Wo          , Wo          , Wo          , Wo          , Wo          , Wo          , Wo          , Wo          , Wo          , Wo          , Wo          , Wo          , Wo          , Wo          , Wo          , Wo          , Wo          
Wo          , Wo          , Wo          , Wo          , Wo          , Wo          , Wo          , Wo          , Wo          , Wo          , Wo          , Wo          , Wo          , Wo          , Wo          , Wo          , Wo          , Wo          , Wo          , Wo          , Wo          , Wo          , Wo          , Wo          , Wo          , Wo          , Wo          , Wo          , Wo          , Wo          , Wo          , Wo          , Wo          , Wo          , Wo          , Wo          , Wo          , Wo          , Wo          , Wo          , Wo          , Wo          , Wo          , Wo          , Wo          , Wo          , Wo          , Wo          , Wo          , Wo          , Wo          , Wo          , Wo          , Wo          , Wo          , Wo          , Wo          , Wo          , Wo          , Wo          , Wo          , Wo          , Wo          , Wo          , Wo          , Wo          , Wo          , Wo          , Wo          
Wo          , Wo          , Wo          , Wo          , Wo          , Wo          , Wo          , Wo          , Wo          , Wo          , Wo          , Wo          , Wo          , Wo          , Wo          , Wo          , Wo          , Wo          , Wo          , Wo          , Wo          , Wo          , Wo          , Wo          , Wo          , Wo          , Wo          , Wo          , Wo          , Wo          , Wo          , Wo          , Wo          , Wo          , Wo          , Wo          , Wo          , Wo          , Wo          , Wo          , Wo          , Wo          , Wo          , Wo          , Wo          , Wo          , Wo          , Wo          , Wo          , Wo          , Wo          , Wo          , Wo          , Wo          , Wo          , Wo          , Wo          , Wo          , Wo          , Wo          , Wo          , Wo          , Wo          , Wo          , Wo          , Wo          , Wo          , Wo          , Wo          
Wo          , Wo          , Wo          , Wo          , Wo          , Wo          , Wo          , Wo          , Wo          , Wo          , Wo          , Wo          , Wo          , Wo          , Wo          , Wo          , Wo          , Wo          , Wo          , Wo          , Wo          , Wo          , Wo          , Wo          , Wo          , Wo          , Wo          , Wo          , Wo          , Wo          , Wo          , Wo          , Wo          , Wo          , Wo          , Wo          , Wo          , Wo          , Wo          , Wo          , Wo          , Wo          , Wo          , Wo          , Wo          , Wo          , Wo          , Wo          , Wo          , Wo          , Wo          , Wo          , Wo          , Wo          , Wo          , Wo          , Wo          , Wo          , Wo          , Wo          , Wo          , Wo          , Wo          , Wo          , Wo          , Wo          , Wo          , Wo          , Wo          
Wo          , Wo          , Wo          , Wo          , Wo          , Wo          , Wo          , Wo          , Wo          , Wo          , Wo          , Wo          , Wo          , Wo          , Wo          , Wo          , Wo          , Wo          , Wo          , Wo          , Wo          , Wo          , Wo          , Wo          , Wo          , Wo          , Wo          , Wo          , Wo          , Wo          , Wo          , Wo          , Wo          , Wo          , Wo          , Wo          , Wo          , Wo          , Wo          , Wo          , Wo          , Wo          , Wo          , Wo          , Wo          , Wo          , Wo          , Wo          , Wo          , Wo          , Wo          , Wo          , Wo          , Wo          , Wo          , Wo          , Wo          , Wo          , Wo          , Wo          , Wo          , Wo          , Wo          , Wo          , Wo          , Wo          , Wo          , Wo          , Wo          
Wo          , Wo          , Wo          , Wo          , Wo          , Wo          , Wo          , Wo          , Wo          , Wo          , Wo          , Wo          , Wo          , Wo          , Wo          , Wo          , Wo          , Wo          , Wo          , Wo          , Wo          , Wo          , Wo          , Wo          , Wo          , Wo          , Wo          , Wo          , Wo          , Wo          , Wo          , Wo          , Wo          , Wo          , Wo          , Wo          , Wo          , Wo          , Wo          , Wo          , Wo          , Wo          , Wo          , Wo          , Wo          , Wo          , Wo          , Wo          , Wo          , Wo          , Wo          , Wo          , Wo          , Wo          , Wo          , Wo          , Wo          , Wo          , Wo          , Wo          , Wo          , Wo          , Wo          , Wo          , Wo          , Wo          , Wo          , Wo          , Wo          
Wo          , Wo          , Wo          , Wo          , Wo          , Wo          , Wo          , Wo          , Wo          , Wo          , Wo          , Wo          , Wo          , Wo          , Wo          , Wo          , Wo          , Wo          , Wo          , Wo          , Wo          , Wo          , Wo          , Wo          , Wo          , Wo          , Wo          , Wo          , Wo          , Wo          , Wo          , Wo          , Wo          , Wo          , Wo          , Wo          , Wo          , Wo          , Wo          , Wo          , Wo          , Wo          , Wo          , Wo          , Wo          , Wo          , Wo          , Wo          , Wo          , Wo          , Wo          , Wo          , Wo          , Wo          , Wo          , Wo          , Wo          , Wo          , Wo          , Wo          , Wo          , Wo          , Wo          , Wo          , Wo          , Wo          , Wo          , Wo          , Wo          
Wo          , Wo          , Wo          , Wo          , Wo          , Wo          , Wo          , Wo          , Wo          , Wo          , Wo          , Wo          , Wo          , Wo          , Wo          , Wo          , Wo          , Wo          , Wo          , Wo          , Wo          , Wo          , Wo          , Wo          , Wo          , Wo          , Wo          , Wo          , Wo          , Wo          , Wo          , Wo          , Wo          , Wo          , Wo          , Wo          , Wo          , Wo          , Wo          , Wo          , Wo          , Wo          , Wo          , Wo          , Wo          , Wo          , Wo          , Wo          , Wo          , Wo          , Wo          , Wo          , Wo          , Wo          , Wo          , Wo          , Wo          , Wo          , Wo          , Wo          , Wo          , Wo          , Wo          , Wo          , Wo          , Wo          , Wo          , Wo          , Wo          
Wo          , Wo          , Wo          , Wo          , Wo          , Wo          , Wo          , Wo          , Wo          , Wo          , Wo          , Wo          , Wo          , Wo          , Ww          , Wo          , Ww          , Wo          , Ww          , Wo          , Ww          , Wo          , Ww          , Ww          , Ww          , Wo          , Ww          , Wo          , Wo          , Wo          , Wo          , Wo          , Wo          , Wo          , Ww          , Ww          , Ww          , Wo          , Wo          , Wo          , Wo          , Wo          , Wo          , Wo          , Wo          , Wo          , Wo          , Wo          , Wo          , Wo          , Wo          , Wo          , Wo          , Wo          , Wo          , Wo          , Wo          , Wo          , Wo          , Wo          , Wo          , Wo          , Wo          , Wo          , Wo          , Wo          , Wo          , Wo          , Wo          
Wo          , Wo          , Wo          , Wo          , Wo          , Wo          , Wo          , Wo          , Wo          , Wo          , Wo          , Wo          , Wo          , Ww          , Ww          , Ww          , Ww          , Ww          , Ww          , Ww          , Ww          , Ww          , Wwr         , Ww          , Ww          , Wo          , Ww          , Wo          , Wo          , Ww          , Ww          , Wo          , Ww          , Ww          , Ww          , Ww          , Ww          , Wo          , Ww          , Wo          , Wo          , Wo          , Wo          , Wo          , Wo          , Wo          , Wo          , Wo          , Wo          , Wo          , Wo          , Wo          , Wo          , Wo          , Wo          , Wo          , Wo          , Wo          , Wo          , Wo          , Wo          , Wo          , Wo          , Wo          , Wo          , Wo          , Wo          , Wo          , Wo          
Wo          , Wo          , Wo          , Wo          , Wo          , Wo          , Wo          , Wo          , Wo          , Wo          , Wo          , Wo          , Wo          , Ww          , Ww          , Ww          , Ww          , Ww          , Ds          , Ww          , Ww          , Wwr         , Ww          , Ww          , Ww          , Wo          , Ds          , Ww          , Ww          , Wo          , Ds          , Ww          , Wwr         , Wwr         , Wwr         , Ww          , Ww          , Wwr         , Wwr         , Ww          , Ww          , Wo          , Ww          , Wo          , Ww          , Ww          , Ww          , Ww          , Wo          , Wo          , Wo          , Wo          , Wo          , Wo          , Wo          , Wo          , Wo          , Wo          , Wo          , Wo          , Wo          , Wo          , Wo          , Wo          , Wo          , Wo          , Wo          , Wo          , Wo          
Wo          , Wo          , Wo          , Wo          , Wo          , Wo          , Wo          , Wo          , Wo          , Wo          , Wo          , Wo          , Wo          , Ww          , Ww          , Ww          , Ww          , Ds          , Ww          , Ds          , Ds          , Ww          , Wwr         , Ww          , Ds          , Gs          , Gll^Fp      , Ds          , Gll^Fp      , Gg          , Gs^Vh       , Ds          , Ds          , Wwr         , Wwr         , Ww          , Ds          , Wwr         , Ww          , Ww          , Wo          , Wo          , Wwr         , Wwr         , Wwr         , Wwr         , Wwr         , Ww          , Ww          , Wo          , Wo          , Wo          , Wo          , Wo          , Wo          , Wo          , Wo          , Wo          , Wo          , Wo          , Wo          , Wo          , Wo          , Wo          , Wo          , Wo          , Wo          , Wo          , Wo          
Wo          , Wo          , Wo          , Wo          , Wo          , Wo          , Wo          , Wo          , Wo          , Wo          , Wo          , Wo          , Wo          , Wo          , Ww          , Wwr         , Wwr         , Ww          , Re^Gvs      , Re^Gvs      , Gg          , Ww          , Ww          , Ww          , Ds          , Gg          , Gs          , Gll^Fp      , Gll^Fp      , Gs          , Ch          , Ch          , Ds          , Ww          , Ww          , Ww          , Ds          , Ds          , Ds          , Ww          , Ww          , Wo          , Ww          , Ww          , Ww          , Wwr         , Ww          , Ww          , Wo          , Wo          , Wo          , Wo          , Wo          , Wo          , Wo          , Wo          , Wo          , Wo          , Wo          , Wo          , Wo          , Wo          , Wo          , Wo          , Wo          , Wo          , Wo          , Wo          , Wo          
Wo          , Wo          , Wo          , Wo          , Wo          , Wo          , Wo          , Wo          , Wo          , Wo          , Wo          , Wo          , Wo          , Wo          , Ww          , Wwr         , Wwr         , Ww          , Re^Gvs      , Re^Gvs      , Gg          , Ww          , Gs^Ft       , Ds          , Re^Gvs      , Re^Gvs      , Re^Gvs      , Gll^Fp      , Gs          , Gs          , Ch          , Kh          , Ds          , Ww          , Ds          , Ww          , Gs^Ft       , Gs          , Ds          , Ww          , Ww          , Wo          , Ds          , Ww          , Ds          , Ww          , Wo          , Wo          , Wo          , Wo          , Wo          , Wo          , Wo          , Wo          , Wo          , Wo          , Wo          , Wo          , Wo          , Wo          , Wo          , Wo          , Wo          , Wo          , Wo          , Wo          , Wo          , Wo          , Wo          
Wo          , Wo          , Wo          , Wo          , Wo          , Wo          , Wo          , Wo          , Wo          , Wo          , Wo          , Wo          , Wo          , Wo          , Wwr         , Ww          , Ww          , Re^Gvs      , Re^Gvs      , Re^Gvs      , Ww          , Gs^Ft       , Ds          , Re^Gvs      , Gg          , Re^Gvs      , Re^Gvs      , Re^Gvs      , Ww          , Ch          , Gs          , Ch          , Ww          , Ds          , Gs          , Ww          , Gs^Ft       , Gs          , Rd          , Ds          , Ds          , Ww          , Ds          , Ds          , Ds          , Ww          , Ds          , Ww          , Ww          , Ww          , Wo          , Wo          , Wo          , Wo          , Wo          , Wo          , Wo          , Wo          , Wo          , Wo          , Wo          , Wo          , Wo          , Wo          , Wo          , Wo          , Wo          , Wo          , Wo          
Wo          , Wo          , Wo          , Wo          , Wo          , Wo          , Wo          , Wo          , Wo          , Wo          , Wo          , Wo          , Wo          , Wo          , Wwr         , Wwr         , Ww          , Re^Gvs      , Ww          , Ww          , Ww          , Ww          , Ds          , Gs^Vh       , Gg^Fet      , Ww          , Ww          , Ww          , Ww          , Ww          , Re^Gvs      , Ww          , Ds          , Ds          , Gs^Vht      , Ww          , Gll^Fp      , Rd          , Gs^Fms      , Ds          , Ds          , Ds          , Gs^Fms      , Gs          , Gs          , Ds          , Ket         , Ww          , Ww          , Ww          , Wo          , Wo          , Wo          , Wo          , Wo          , Wo          , Wo          , Wo          , Wo          , Wo          , Wo          , Wo          , Wo          , Wo          , Wo          , Wo          , Wo          , Wo          , Wo          
Wo          , Wo          , Wo          , Wo          , Wo          , Wo          , Wo          , Wo          , Wo          , Wo          , Wo          , Wo          , Wo          , Wo          , Ww          , Ww          , Ww          , Ww          , Ww          , Ww          , Ww          , Ww          , Ds          , Gs^Fms      , Gs^Fms      , Ww          , Ww          , Ww          , Gs^Fms      , Re^Gvs      , Re^Gvs      , Ww^Bw\      , Ds          , Gs^Fms      , Ww          , Ww^Bw\      , Gs^Fds      , Rd          , Gs^Vht      , Gs^Fds      , Rd          , Gs^Fms      , Gll^Fp      , Gs^Es       , Gs^Ft       , Ds          , Ds          , Ww          , Wwr         , Ww          , Ww          , Wo          , Wo          , Wo          , Wo          , Wo          , Wo          , Wo          , Wo          , Wo          , Wo          , Wo          , Wo          , Wo          , Wo          , Wo          , Wo          , Wo          , Wo          
Wo          , Wo          , Wo          , Wo          , Wo          , Wo          , Wo          , Wo          , Wo          , Wo          , Wo          , Wo          , Wo          , Wo          , Ww          , Ww          , Ww          , Ww          , Ww          , Ww          , Ds          , Ds          , Gs          , Rd          , Ch          , Ch          , Ch          , Ds          , Gs^Fds      , Re^Gvs      , Gll^Fp      , Ww          , Gs^Fms      , Gs^Fms      , Ww^Bw\      , Ww          , Gs^Fds      , Rr          , Rr          , Gll^Fp      , Gll^Fp      , Gll^Fp      , Rp          , Gll^Fp      , Rp          , Gs^Ft       , Ds          , Wwr         , Ww          , Ww          , Ww          , Ww          , Ww          , Wo          , Wo          , Wo          , Wo          , Wo          , Wo          , Wo          , Wo          , Wo          , Wo          , Wo          , Wo          , Wo          , Wo          , Wo          , Wo          
Wo          , Wo          , Wo          , Wo          , Wo          , Wo          , Wo          , Wo          , Wo          , Wo          , Wo          , Wo          , Wo          , Wo          , Wwr         , Wwr         , Ww          , Ds          , Ds          , Ds          , Gs^Ft       , Gs^Ft       , Gs          , Rd          , Ch          , Ch          , Ch          , Gs          , Gs^Fds      , Gll^Fp      , Gll^Fp      , Ww          , Gs^Ft       , Gs^Ft       , Ww          , Gs^Fds      , Gg          , Rr          , Rr          , Gll^Fp      , Rp          , Rp          , Rp          , Rp          , Rr^Vhc      , Rp          , Rr          , Ww^Bw/      , Wwr         , Wwr         , Hh^Fds      , Wwr         , Wwr         , Ww          , Wo          , Wo          , Wo          , Wo          , Wo          , Wo          , Wo          , Wo          , Wo          , Wo          , Wo          , Wo          , Wo          , Wo          , Wo          
Wo          , Wo          , Wo          , Wo          , Wo          , Wo          , Wo          , Wo          , Wo          , Wo          , Wo          , Wo          , Wo          , Wo          , Wo          , Wwr         , Wwr         , Ww          , Ww          , Ds          , Ds          , Gs^Ft       , Gs          , Gs          , Ch          , Kh          , Gs          , Ch          , Ch          , Gs^Fds      , Gll^Fp      , Ww^Ewf      , Gll^Fp      , Ww          , Gs^Fms      , Gg          , Gs          , Gll^Fp      , Rp          , Rp          , Rr^Vhc      , Rp          , Rp          , Rr          , Rp          , Rp          , Gll^Fp      , Ds          , Hh          , Hh          , Hh^Fds      , Ww          , Ww          , Ww          , Wo          , Wo          , Wo          , Wo          , Wo          , Wo          , Wo          , Wo          , Wo          , Wo          , Wo          , Wo          , Wo          , Wo          , Wo          
Wo          , Wo          , Wo          , Wo          , Wo          , Wo          , Wo          , Wo          , Wo          , Wo          , Wo          , Wo          , Wo          , Wo          , Wo          , Wo          , Ww          , Ww          , Ww          , Ww          , Ww          , Ds          , Ds          , Ch          , Ch          , Gs          , Ch          , Ch          , Gg          , Gg          , Re^Gvs      , Ww^Ewl      , Gs          , Gs^Fms      , Gs^Fms      , Gs^Fms      , Gs^Es       , Ket         , Rr          , Rp          , Rr          , Rr          , Rr          , Rr          , Rp          , Gll^Fp      , Gs^Fds      , Hh          , Hh^Fds      , Hh^Fds      , Hh          , Ww          , Ww          , Ww          , Ww          , Wo          , Wo          , Wo          , Wo          , Wo          , Wo          , Wo          , Wo          , Wo          , Wo          , Wo          , Wo          , Wo          , Wo          
Wo          , Wo          , Wo          , Wo          , Wo          , Wo          , Wo          , Wo          , Wo          , Wo          , Wo          , Wo          , Wo          , Wo          , Wo          , Wo          , Ww          , Ww          , Wwr         , Wwr         , Ww          , Ww          , Ds          , Re^Gvs      , Re^Gvs      , Ch          , Re^Gvs      , Ch          , Gg^Fet      , Re^Gvs      , Re^Gvs      , Re^Gvs      , Gs^Vc       , Gll^Fp      , Rr          , Rr          , Rr          , Rr          , Ket         , Rp          , Rr^Vhc      , Rp          , Gll^Fp      , Rp          , Gll^Fp      , Gs^Ft       , Gs^Ft       , Hh          , Hh          , Hh          , Ww          , Ww          , Ww          , Ww          , Ww          , Wo          , Wo          , Wo          , Wo          , Wo          , Wo          , Wo          , Wo          , Wo          , Wo          , Wo          , Wo          , Wo          , Wo          
Wo          , Wo          , Wo          , Wo          , Wo          , Wo          , Wo          , Wo          , Wo          , Wo          , Wo          , Wo          , Wo          , Wo          , Wo          , Wo          , Wo          , Ww          , Wwr         , Ww          , Wwr         , Ww          , Ww          , Re^Gvs      , Re^Gvs      , Re^Gvs      , Re^Gvs      , Gs^Vht      , Gs^Fds      , Re^Gvs      , Rd          , Re^Gvs      , Gs^Fds      , Rr          , Gs          , Gs^Vht      , Gg^Es       , Gg          , Gll^Fp      , Gs^Fds      , Gs^Fds      , Rp          , Gll         , Re^Fds      , Gs^Fds      , Gs^Fds      , Gs^Ft       , Ds          , Ds          , Ww          , Wwr         , Wwr         , Ww          , Ww          , Wo          , Wo          , Wo          , Wo          , Wo          , Wo          , Wo          , Wo          , Wo          , Wo          , Wo          , Wo          , Wo          , Wo          , Wo          
Wo          , Wo          , Wo          , Wo          , Wo          , Wo          , Wo          , Wo          , Wo          , Wo          , Wo          , Wo          , Wo          , Wo          , Wo          , Wo          , Wo          , Wo          , Wwr         , Wwr         , Ww          , Ww          , Ds          , Ds          , Rd          , Rd          , Gll^Fp      , Gll^Fp      , Gll^Fp      , Gs          , Gs          , Gs^Fds      , Rd          , Gs          , Gs^Vc       , Gs          , Hh          , Gg          , Gs          , Gs^Vh       , Gs^Fms      , Gll         , Gll         , Gll^Fp      , Gs^Fds      , Gs^Fds      , Gs^Ft       , Ds          , Ds          , Wwr         , Ww          , Wwr         , Ww          , Ww          , Ww          , Wo          , Wo          , Wo          , Wo          , Wo          , Wo          , Wo          , Wo          , Wo          , Wo          , Wo          , Wo          , Wo          , Wo          
Wo          , Wo          , Wo          , Wo          , Wo          , Wo          , Wo          , Wo          , Wo          , Wo          , Wo          , Wo          , Wo          , Wo          , Wo          , Wo          , Wo          , Wo          , Ww          , Ww          , Ww          , Ww          , Ket         , Gs^Vht      , Gg^Fet      , Gs^Fds      , Gs^Fds      , Gs          , Rd          , Gs^Fds      , Rr          , Rr          , Gs          , Gs          , Gs          , Hh          , Mm          , Hh          , Hh^Fds      , Gs^Fds      , Gs^Fds      , Gll^Fp      , Gll         , Gll^Fp      , Gll^Fp      , Gs^Fds      , Gs^Fds      , Gs^Ft       , Hh          , Hh          , Hh          , Ww          , Ww          , Ww          , Ww          , Wo          , Wo          , Wo          , Wo          , Wo          , Wo          , Wo          , Wo          , Wo          , Wo          , Wo          , Wo          , Wo          , Wo          
Wo          , Wo          , Wo          , Wo          , Wo          , Wo          , Wo          , Wo          , Wo          , Wo          , Wo          , Wo          , Wo          , Wo          , Wo          , Wo          , Wo          , Wwr         , Ww          , Ww          , Ww          , Ds          , Gll^Fp      , Gll^Fp      , Gs          , Gs          , Gs          , Rd          , Gs          , Rd          , Gs          , Gs          , Hhd         , Gs          , Gs          , Mm          , Mm          , Mm          , Mm          , Hh^Fds      , Gs^Fms      , Gll^Fp      , Gll         , Gll         , Gs^Fms      , Gs^Fds      , Gll         , Gll         , Hh^Fp       , Hh          , Hh^Fp       , Hh          , Ww          , Ww          , Ww          , Ww          , Wo          , Wo          , Wo          , Wo          , Wo          , Wo          , Wo          , Wo          , Wo          , Wo          , Wo          , Wo          , Wo          
Wo          , Wo          , Wo          , Wo          , Wo          , Wo          , Wo          , Wo          , Wo          , Wo          , Wo          , Wo          , Wo          , Wo          , Wo          , Wo          , Wo          , Wwr         , Wwr         , Wwr         , Ww          , Ds          , Gs^Vh       , Gs          , Gs          , Gs^Fds      , Gs          , Rd          , Gg^Vh       , Gs          , Hhd         , Hhd         , Hhd         , Mm          , Ss          , Mm          , Mm          , Mm          , Mm          , Hh^Fds      , Gs^Fds      , Gs^Fms      , Gs^Fds      , Gll         , Gll         , Gg          , Gll         , Gll         , Hh          , Hh^Fds      , Hh^Fp       , Hh          , Ww          , Ww          , Ww          , Ww          , Wo          , Wo          , Wo          , Wo          , Wo          , Wo          , Wo          , Wo          , Wo          , Wo          , Wo          , Wo          , Wo          
Wo          , Wo          , Wo          , Wo          , Wo          , Wo          , Wo          , Wo          , Wo          , Wo          , Wo          , Wo          , Wo          , Wo          , Wo          , Wo          , Wo          , Wo          , Ww          , Wwr         , Ww          , Ww          , Ds          , Gs          , Gs          , Gs          , Hh          , Rp          , Hh          , Ket         , Hh          , Mm          , Mm          , Mm          , Wwg         , Wwg         , Wwg         , Hh          , Mm          , Hh          , Gg          , Gg^Vh       , Gs          , Gs^Fds      , Gg          , Gg          , Gg          , Gg          , Gg          , Hh          , Wwr         , Wwr         , Wwr         , Ww          , Wwr         , Wo          , Wo          , Wo          , Wo          , Wo          , Wo          , Wo          , Wo          , Wo          , Wo          , Wo          , Wo          , Wo          , Wo          
Wo          , Wo          , Wo          , Wo          , Wo          , Wo          , Wo          , Wo          , Wo          , Wo          , Wo          , Wo          , Wo          , Wo          , Wo          , Wo          , Wwr         , Wwr         , Ww          , Ww          , Ww          , Ds          , Gll         , Ket         , Rd          , Hh          , Gg          , Rp          , Hh          , Hh          , Hh          , Mm          , Hh          , Wwg         , Ds          , Ss          , Ss          , Hh          , Mm          , Gg          , Hh          , Gg          , Ket         , Gg          , Ket         , Gg^Es       , Gs^Fds      , Ds          , Ds          , Ww          , Ww          , Wwr         , Ww          , Ww          , Wwr         , Wwr         , Wo          , Wo          , Wo          , Wo          , Wo          , Wo          , Wo          , Wo          , Wo          , Wo          , Wo          , Wo          , Wo          
Wo          , Wo          , Wo          , Wo          , Wo          , Wo          , Wo          , Wo          , Wo          , Wo          , Wo          , Wo          , Wo          , Wo          , Wo          , Wo          , Wwr         , Wwr         , Wwr         , Ww          , Ww          , Ds          , Ds          , Rd          , Gs          , Gs          , Gs^Es       , Rd          , Hhd         , Hh          , Hhd         , Hh          , Ds          , Ds          , Ss          , Wwg         , Wwg         , Wwg         , Mm          , Mm          , Hh          , Gg          , Gg          , Rr          , Gg          , Gg          , Gs^Fds      , Gg          , Ds          , Ww          , Ww          , Wwr         , Chr         , Ww          , Ww          , Ww          , Ww          , Ww          , Ww          , Wo          , Wo          , Wo          , Wo          , Wo          , Wo          , Wo          , Wo          , Wo          , Wo          
Wo          , Wo          , Wo          , Wo          , Wo          , Wo          , Wo          , Wo          , Wo          , Wo          , Wo          , Wo          , Wo          , Wo          , Wo          , Wo          , Wo          , Wo          , Wwr         , Ww          , Wwr         , Ww          , Ww          , Ds          , Ds          , Gs          , Gs          , Rp          , Gs          , Hhd         , Hhd         , Mm          , Mm          , Ds          , Ss          , Ss          , Ss          , Ds          , Hh          , Hh          , Hhd         , Hh          , Gg          , Rr          , Rr          , Gg          , Gg          , Gs^Fds      , Gd^Vhr      , Ww          , Wwr         , Wwr         , Ww          , Chr         , Chr         , Ww          , Ww          , Ww          , Ww          , Wo          , Wo          , Wo          , Wo          , Wo          , Wo          , Wo          , Wo          , Wo          , Wo          
Wo          , Wo          , Wo          , Wo          , Wo          , Wo          , Wo          , Wo          , Wo          , Wo          , Wo          , Wo          , Wo          , Wo          , Wo          , Wo          , Wo          , Wo          , Ww          , Ww          , Ww          , Ww          , Ww          , Ww          , Ds          , Gd^Vhr      , Gs          , Rp          , Gg          , Hhd         , Hh          , Hh          , Hh          , Hh          , Wwg         , Ds          , Ds          , Ss          , Mm          , Hh          , Hhd         , Hhd         , Gg          , Gg          , Gg          , Rr          , Rr          , Gs^Fds      , Gs          , Ds          , Rp          , Ww          , Khr         , Rd          , Rd          , Ww          , Wwr         , Ww          , Wo          , Wo          , Wo          , Wo          , Wo          , Wo          , Wo          , Wo          , Wo          , Wo          , Wo          
Wo          , Wo          , Wo          , Wo          , Wo          , Wo          , Wo          , Wo          , Wo          , Wo          , Wo          , Wo          , Wo          , Wo          , Wo          , Wo          , Wo          , Wo          , Wo          , Ww          , Ww          , Ww          , Ww          , Ww          , Ww          , Ds          , Ds          , Rp          , Rp          , Ket         , Gll         , Hh          , Mm          , Mm          , Ss          , Ss          , Ss          , Mm          , Mm          , Gd^Vhr      , Gg          , Gg          , Rr          , Rr          , Rr          , Rr          , Rr          , Gs^Efm      , Ds          , Gll         , Ww          , Ch          , Rd          , Ch          , Rp          , Rp          , Ww          , Ww          , Ww          , Wo          , Wo          , Wo          , Wo          , Wo          , Wo          , Wo          , Wo          , Wo          , Wo          
Wo          , Wo          , Wo          , Wo          , Wo          , Wo          , Wo          , Wo          , Wo          , Wo          , Wo          , Wo          , Wo          , Wo          , Wo          , Wo          , Wo          , Wo          , Wo          , Wo          , Wwr         , Ww          , Ww          , Ww          , Ww          , Ww          , Ds          , Ket         , Gs          , Rp          , Gll         , Hh          , Hh          , Mm          , Ss          , Wwg         , Mm          , Mm          , Mm          , Gd          , Gs          , Gg^Es       , Gg          , Gg          , Gg          , Gg          , Rr          , Rr          , Ww          , Ds          , Rp          , Ch          , Chr         , Ch          , Chr         , Rp          , Ww          , Ww          , Ww          , Ww          , Wo          , Wo          , Wo          , Wo          , Wo          , Wo          , Wo          , Wo          , Wo          
Wo          , Wo          , Wo          , Wo          , Wo          , Wo          , Wo          , Wo          , Wo          , Wo          , Wo          , Wo          , Wo          , Wo          , Wo          , Wo          , Wo          , Wo          , Wo          , Wo          , Wwr         , Wwr         , Wwr         , Ww          , Ww          , Ww          , Ds          , Gs          , Gs^Ft       , Rd          , Gll         , Hh          , Hh          , Ss          , Ss          , Mm          , Mm          , Hh          , Hh          , Gg          , Gs          , Ket         , Gg          , Gg          , Gg          , Gg          , Ds          , Ds          , Chr         , Rp          , Rp          , Chr         , Rd          , Rp          , Rp          , Rd          , Ww          , Ww          , Ww          , Ww          , Wo          , Wo          , Wo          , Wo          , Wo          , Wo          , Wo          , Wo          , Wo          
Wo          , Wo          , Wo          , Wo          , Wo          , Wo          , Wo          , Wo          , Wo          , Wo          , Wo          , Wo          , Wo          , Wo          , Wo          , Wo          , Wo          , Wo          , Wo          , Wo          , Wwr         , Wwr         , Ww          , Ww          , Ket         , Ww          , Ww          , Gs^Ft       , Gs^Ft       , Gs^Ft       , Rp          , Gll         , Gll         , Hh          , Wwg         , Hhd^Vhhr    , Mm          , Mm          , Hh          , Gs          , Gg          , Gg          , Gs          , Rd          , Rd          , Gll         , Ds          , Ww          , Ww          , Ww          , Gll^Fdw     , Re          , Rd          , Chr         , Chr         , Rd          , Ww          , Wwr         , Wwr         , Ww          , Wo          , Wo          , Wo          , Wo          , Wo          , Wo          , Wo          , Wo          , Wo          
Wo          , Wo          , Wo          , Wo          , Wo          , Wo          , Wo          , Wo          , Wo          , Wo          , Wo          , Wo          , Wo          , Wo          , Wo          , Wo          , Wo          , Wo          , Wo          , Ww          , Ww          , Ww          , Ww          , Ds          , Ss          , Ww          , Ww          , Ds          , Gs^Ft       , Gg^Fet      , Gs          , Gg^Es       , Gg          , Hh          , Chw         , Mm          , Hh          , Mm          , Gll         , Gll         , Gg          , Gd          , Gd          , Gg          , Gs          , Rd          , Ds          , Ww          , Ss          , Gs^Fdw      , Ss          , Chr         , Ds          , Chr         , Ww          , Ww          , Ww          , Wwr         , Ww          , Ww          , Wo          , Wo          , Wo          , Wo          , Wo          , Wo          , Wo          , Wo          , Wo          
Wo          , Wo          , Wo          , Wo          , Wo          , Wo          , Wo          , Wo          , Wo          , Wo          , Wo          , Wo          , Wo          , Wo          , Ww          , Wo          , Ww          , Ww          , Wwr         , Wo          , Wo          , Ww          , Ss          , Ds          , Sm          , Ss          , Ds          , Ds          , Gs^Ft       , Gs^Ft       , Gs          , Gg^Es       , Wwg         , Chw         , Wwg         , Hh          , Rd          , Hh          , Rd          , Gg          , Rd          , Ket         , Gg^Es       , Gg          , Rb          , Rb          , Rb          , Gs^Fdw      , Ss          , Ss          , Ss          , Gs^Fdw      , Gs^Fdw      , Ds          , Ww          , Ww          , Ww          , Ww          , Ww          , Wo          , Wo          , Wo          , Wo          , Wo          , Wo          , Wo          , Wo          , Wo          , Wo          
Wo          , Wo          , Wo          , Wo          , Wo          , Wo          , Wo          , Wo          , Wo          , Wo          , Wo          , Wo          , Ww          , Ww          , Ww          , Ww          , Ww          , Wwr         , Wwr         , Ww          , Ww          , Ww          , Gs^Es       , Sm          , Sm          , Ss          , Ds          , Gll         , Gg          , Rd          , Gs          , Wwg         , Ds          , Khs         , Chr         , Chr         , Gs          , Rd          , Gd^Fds      , Rd          , Ket         , Rd          , Rd          , Rd          , Rb          , Rb          , Sm          , Sm          , Rb          , Ss          , Ss          , Ss          , Gs^Ft       , Ds          , Ds          , Ww          , Ww          , Ww          , Ww          , Wo          , Wo          , Wo          , Wo          , Wo          , Wo          , Wo          , Wo          , Wo          , Wo          
Wo          , Wo          , Wo          , Wo          , Wo          , Wo          , Wo          , Wo          , Wo          , Wo          , Wo          , Wo          , Ww          , Ww          , Ww          , Ww          , Ds          , Ds          , Gs^Ft       , Ww          , Gs^Ft       , Ket         , Re          , Gs^Ft       , Re          , Ds          , Ww          , Gs          , Rd          , Ss          , Ss          , Wwg         , Ss          , Ss          , Gd^Fds      , Gs          , Gll^Fds     , Gs          , Gll^Fds     , Gll         , Gg          , Gs^Es       , Rd          , Re          , Rb          , Sm          , Re          , Rb^Fdw      , Ss          , Rb^Fdw      , Sm          , Gs^Ft       , Ww          , Dd          , Ket         , Dd          , Wo          , Ww          , Wo          , Wo          , Wo          , Wo          , Wo          , Wo          , Wo          , Wo          , Wo          , Wo          , Wo          
Wo          , Wo          , Wo          , Wo          , Wo          , Wo          , Wo          , Wo          , Wo          , Wo          , Wo          , Wo          , Ww          , Ww          , Ww          , Ww          , Gs^Ft       , Gs^Ft       , Ds          , Gs^Ft       , Gs^Ft       , Sm          , Sm          , Re^Es       , Chr^Dr      , Hh^Dr       , Hh^Dr       , Rp          , Gs          , Ss          , Gs^Es       , Ss          , Sm          , Gs^Ft       , Gll^Fds     , Gll^Fp      , Gd^Fds      , Gll^Fp      , Gll^Fp      , Gll^Fds     , Rd          , Gs          , Rd          , Gd          , Rd          , Chr         , Ss          , Sm          , Ss          , Rb          , Sm          , Gs^Ft       , Ww          , Dd          , Dd          , Dd          , Ww          , Wo          , Wo          , Wo          , Wo          , Wo          , Wo          , Wo          , Wo          , Wo          , Wo          , Wo          , Wo          
Wo          , Wo          , Wo          , Wo          , Wo          , Wo          , Wo          , Wo          , Wo          , Wo          , Ww          , Wwr         , Ww          , Ww          , Ds^Es       , Ds^Es       , Gll^Fp      , Ds          , Ss          , Ds          , Ds          , Ds^Es       , Chr         , Chr         , Chr^Dr      , Rp^Vhcr     , Ww          , Ww          , Ww          , Rd          , Sm          , Ss          , Sm          , Gs          , Gll^Fp      , Gd^Fds      , Gll^Fp      , Gll^Fp      , Gll^Fp      , Gd^Fds      , Gll^Fds     , Rd          , Rd^Es       , Rd          , Chr         , Chr         , Ss          , Sm          , Re          , Ss          , Ss          , Ss          , Ds          , Ww          , Wwr         , Ww          , Ww          , Wo          , Wo          , Wo          , Wo          , Wo          , Wo          , Wo          , Wo          , Wo          , Wo          , Wo          , Wo          
Wo          , Wo          , Wo          , Wo          , Wo          , Wo          , Wo          , Wo          , Wo          , Wo          , Ww          , Wwr         , Wwr         , Ww          , Ds          , Gs^Fms      , Gs^Fds      , Wo          , Ss          , Ss          , Ss          , Ds          , Chr         , Hhd^Dr      , Chr         , Rr          , Ww          , Ww          , Ww          , Gs^Es       , Gll         , Sm          , Ww          , Gs          , Gll^Fds     , Gll^Fds     , Gll^Fds     , Gll^Fp      , Gll^Fds     , Gll^Fp      , Rd          , Gd^Fds      , Rp^Vhcr     , Rd          , Chr         , 2 Khr       , Ss          , Ss          , Re          , Re^Fdw      , Rb^Fdw      , Rb^Fdw      , Ds          , Ww          , Wwr         , Wwr         , Ww          , Wo          , Wo          , Wo          , Wo          , Wo          , Wo          , Wo          , Wo          , Wo          , Wo          , Wo          , Wo          
Wo          , Wo          , Wo          , Wo          , Wo          , Wo          , Wo          , Wo          , Wo          , Wwr         , Wwr         , Ww          , Ww          , Ww          , Ww          , Ds          , Gll^Fp      , Ss          , Ds          , Ds          , Gd          , Hhd^Dr      , Rp^Vhcr     , Sm          , Ww          , Ss          , Ss          , Ww          , Rr          , Re          , Gd          , Ww          , Ww          , Ds          , Gd^Fds      , Gll^Fp      , Gll^Fp      , Gll^Fds     , Gll^Fp      , Gll^Fp      , Rd          , Gd^Fds      , Rd          , Rd          , Chr         , Chr         , Re          , Ss          , Ss          , Rb          , Ss          , Ss          , Ds          , Wo          , Wo          , Ww          , Wo          , Wo          , Wo          , Wo          , Wo          , Wo          , Wo          , Wo          , Wo          , Wo          , Wo          , Wo          , Wo          
Wo          , Wo          , Wo          , Wo          , Wo          , Wo          , Wo          , Wo          , Wo          , Wwr         , Wo          , Ww          , Ww          , Ww          , Ww          , Ds          , Ds          , Gll^Fp      , Gg^Fet      , Sm          , Ss          , Gd^Es       , Re          , Ss          , Ss          , Ss          , Ww          , Rp^Vhcr     , Ww          , Re          , Ss          , Gg          , Ww          , Ds          , Gll^Fds     , Gll^Fds     , Gll^Fp      , Gll^Fp      , Gll^Fp      , Gd^Fds      , Gll^Fp      , Gll^Fp      , Rd          , Rd          , Gg          , Re          , Ds          , Ds          , Gs^Fds      , Re          , Sm          , Sm          , Sm          , Ww          , Gs^Ft       , Wo          , Wo          , Wo          , Wo          , Wo          , Wo          , Wo          , Wo          , Wo          , Wo          , Wo          , Wo          , Wo          , Wo          
Wo          , Wo          , Wo          , Wo          , Wo          , Wo          , Wo          , Wo          , Wo          , Wo          , Wwr         , Ww          , Ww          , Ww          , Ww          , Ww          , Ww          , Ds          , Gs^Ft       , Wo          , Gs^Ft       , Gd          , Ds          , Ww          , Ss          , Ww          , Ww          , Ww          , Ww          , Ss          , Ww          , Ww          , Ww          , Sm          , Gd^Fds      , Gll^Fp      , Gd^Fds      , Gll^Fp      , Ds          , Ds          , Ds          , Gll^Fp      , Gll^Fp      , Gg          , Rd          , Gll^Fp      , Gs^Fds      , Gs^Fds      , Gll^Fp      , Gs^Fds      , Re          , Ds          , Ds          , Gs^Fms      , Ww          , Ww          , Ww          , Wo          , Wo          , Wo          , Wo          , Wo          , Wo          , Wo          , Wo          , Wo          , Wo          , Wo          , Wo          
Wo          , Wo          , Wo          , Wo          , Wo          , Wo          , Wo          , Wo          , Wo          , Wo          , Wwr         , Wwr         , Ww          , Ww          , Ww          , Ww          , Ww          , Ww          , Ket         , Gs^Ft       , Ss          , Gll^Fp      , Gs^Fms      , Ds          , Ww          , Gs          , Ss          , Ww          , Ss          , Ss          , Ww          , Ss          , Ss          , Sm          , Gs          , Gll^Fds     , Ds          , Ds          , Ss          , Ss          , Gs          , Gs^Fds      , Gs^Fds      , Gd          , Ss          , Gs          , Gs          , Gs^Fds      , Gs^Fds      , Gll^Fp      , Ds          , Ket         , Ww          , Ds          , Wo          , Ww          , Ww          , Wo          , Wo          , Wo          , Wo          , Wo          , Wo          , Wo          , Wo          , Wo          , Wo          , Wo          , Wo          
Wo          , Wo          , Wo          , Wo          , Wo          , Wo          , Wo          , Wo          , Wo          , Wo          , Wo          , Wo          , Wo          , Ww          , Ww          , Ww          , Ww          , Ww          , Ds          , Ss          , Gs^Ft       , Gs^Ft       , Ww          , Gs^Fds      , Wwr         , Ww          , Ss          , Ww          , Ww          , Ss          , Wwr         , Ww          , Ww          , Wo          , Ww          , Gd^Fds      , Ww          , Ww          , Gs^Fds      , Gs          , Gs          , Gs          , Gs          , Gd          , Gs^Fds      , Gs^Fds      , Gs^Fds      , Gs          , Gll^Fp      , Rb          , Ds          , Ww          , Ww          , Ww          , Wo          , Wo          , Wo          , Wo          , Wo          , Wo          , Wo          , Wo          , Wo          , Wo          , Wo          , Wo          , Wo          , Wo          , Wo          
Wo          , Wo          , Wo          , Wo          , Wo          , Wo          , Wo          , Wo          , Wo          , Wo          , Wo          , Wo          , Wo          , Ww          , Ww          , Ww          , Wwr         , Wwr         , Ww          , Ds          , Ww          , Ww          , Ww          , Ss          , Wwr         , Ww          , Ww          , Ss          , Ww          , Ww          , Ww          , Wwr         , Ww          , Wo          , Ww          , Ds          , Ww          , Ds          , Ds          , Gll^Fp      , Gs^Fds      , Gll^Fp      , Ket         , Gs          , Gs          , Gs          , Gs          , Gs          , Gs          , Gs^Fds      , Ds          , Ww          , Wwr         , Wwr         , Ww          , Ww          , Wo          , Wo          , Wo          , Wo          , Wo          , Wo          , Wo          , Wo          , Wo          , Wo          , Wo          , Wo          , Wo          
Wo          , Wo          , Wo          , Wo          , Wo          , Wo          , Wo          , Wo          , Wo          , Wo          , Wo          , Wo          , Wo          , Wo          , Wo          , Wo          , Wwr         , Wwr         , Wwr         , Ww          , Ww          , Wwr         , Wo          , Wwr         , Wwr         , Wwr         , Wwr         , Wo          , Wo          , Wwr         , Ww          , Ww          , Wo          , Wo          , Ww          , Ww          , Ww          , Ds          , Ds          , Ds          , Ds          , Ds          , Ds          , Gll^Fp      , Gs          , Gll^Fp      , Gs          , Gs          , Gs          , Gll^Fp      , Ds          , Ww          , Wwr         , Ww          , Wo          , Wo          , Wo          , Wo          , Wo          , Wo          , Wo          , Wo          , Wo          , Wo          , Wo          , Wo          , Wo          , Wo          , Wo          
Wo          , Wo          , Wo          , Wo          , Wo          , Wo          , Wo          , Wo          , Wo          , Wo          , Wo          , Wo          , Wo          , Wo          , Wo          , Wo          , Wwr         , Wwr         , Wo          , Ww          , Wwr         , Wwr         , Wo          , Wo          , Wo          , Wo          , Wo          , Wo          , Wo          , Wo          , Wo          , Wo          , Wo          , Wo          , Ww          , Ww          , Ww          , Ww          , Ww          , Ww          , Ww          , Ww          , Ww          , Ds          , Gs^Fds      , Gs          , Gs          , Gll^Fp      , Ds          , Gll^Fp      , Ds          , Ww          , Ww          , Wwr         , Wo          , Wo          , Wo          , Wo          , Wo          , Wo          , Wo          , Wo          , Wo          , Wo          , Wo          , Wo          , Wo          , Wo          , Wo          
Wo          , Wo          , Wo          , Wo          , Wo          , Wo          , Wo          , Wo          , Wo          , Wo          , Wo          , Wo          , Wo          , Wo          , Wo          , Wo          , Wo          , Wo          , Wo          , Ww          , Wo          , Wo          , Wo          , Wo          , Wo          , Wo          , Wo          , Wo          , Wo          , Wo          , Wo          , Wo          , Wo          , Wo          , Ww          , Ww          , Ww          , Ww          , Ww          , Ww          , Wwr         , Ww          , Wwr         , Ds          , Ds          , Ket         , Ds          , Ds          , Ww          , Ds          , Ww          , Ww          , Wwr         , Wwr         , Ww          , Wo          , Wo          , Wo          , Wo          , Wo          , Wo          , Wo          , Wo          , Wo          , Wo          , Wo          , Wo          , Wo          , Wo          
Wo          , Wo          , Wo          , Wo          , Wo          , Wo          , Wo          , Wo          , Wo          , Wo          , Wo          , Wo          , Wo          , Wo          , Wo          , Wo          , Wo          , Wo          , Wo          , Wo          , Wo          , Wo          , Wo          , Wo          , Wo          , Wo          , Wo          , Wo          , Wo          , Wo          , Wo          , Wo          , Wo          , Wo          , Wo          , Ww          , Ww          , Ww          , Ww          , Ww          , Wo          , Wwr         , Wwr         , Ww          , Ww          , Ds          , Ww          , Ww          , Wwr         , Wwr         , Wwr         , Ww          , Wwr         , Wwr         , Ww          , Wo          , Wo          , Wo          , Wo          , Wo          , Wo          , Wo          , Wo          , Wo          , Wo          , Wo          , Wo          , Wo          , Wo          
Wo          , Wo          , Wo          , Wo          , Wo          , Wo          , Wo          , Wo          , Wo          , Wo          , Wo          , Wo          , Wo          , Wo          , Wo          , Wo          , Wo          , Wo          , Wo          , Wo          , Wo          , Wo          , Wo          , Wo          , Wo          , Wo          , Wo          , Wo          , Wo          , Wo          , Wo          , Wo          , Wo          , Wo          , Wo          , Wo          , Wo          , Wo          , Wo          , Wo          , Wo          , Wo          , Ww          , Wwr         , Wwr         , Ww          , Ww          , Wwr         , Wwr         , Ww          , Wo          , Ww          , Wo          , Ww          , Wo          , Wo          , Wo          , Wo          , Wo          , Wo          , Wo          , Wo          , Wo          , Wo          , Wo          , Wo          , Wo          , Wo          , Wo          
Wo          , Wo          , Wo          , Wo          , Wo          , Wo          , Wo          , Wo          , Wo          , Wo          , Wo          , Wo          , Wo          , Wo          , Wo          , Wo          , Wo          , Wo          , Wo          , Wo          , Wo          , Wo          , Wo          , Wo          , Wo          , Wo          , Wo          , Wo          , Wo          , Wo          , Wo          , Wo          , Wo          , Wo          , Wo          , Wo          , Wo          , Wo          , Wo          , Wo          , Wo          , Wo          , Wo          , Wo          , Ww          , Wo          , Ww          , Wo          , Wo          , Wo          , Wo          , Wo          , Wo          , Wo          , Wo          , Wo          , Wo          , Wo          , Wo          , Wo          , Wo          , Wo          , Wo          , Wo          , Wo          , Wo          , Wo          , Wo          , Wo          
Wo          , Wo          , Wo          , Wo          , Wo          , Wo          , Wo          , Wo          , Wo          , Wo          , Wo          , Wo          , Wo          , Wo          , Wo          , Wo          , Wo          , Wo          , Wo          , Wo          , Wo          , Wo          , Wo          , Wo          , Wo          , Wo          , Wo          , Wo          , Wo          , Wo          , Wo          , Wo          , Wo          , Wo          , Wo          , Wo          , Wo          , Wo          , Wo          , Wo          , Wo          , Wo          , Wo          , Wo          , Wo          , Wo          , Wo          , Wo          , Wo          , Wo          , Wo          , Wo          , Wo          , Wo          , Wo          , Wo          , Wo          , Wo          , Wo          , Wo          , Wo          , Wo          , Wo          , Wo          , Wo          , Wo          , Wo          , Wo          , Wo          
Wo          , Wo          , Wo          , Wo          , Wo          , Wo          , Wo          , Wo          , Wo          , Wo          , Wo          , Wo          , Wo          , Wo          , Wo          , Wo          , Wo          , Wo          , Wo          , Wo          , Wo          , Wo          , Wo          , Wo          , Wo          , Wo          , Wo          , Wo          , Wo          , Wo          , Wo          , Wo          , Wo          , Wo          , Wo          , Wo          , Wo          , Wo          , Wo          , Wo          , Wo          , Wo          , Wo          , Wo          , Wo          , Wo          , Wo          , Wo          , Wo          , Wo          , Wo          , Wo          , Wo          , Wo          , Wo          , Wo          , Wo          , Wo          , Wo          , Wo          , Wo          , Wo          , Wo          , Wo          , Wo          , Wo          , Wo          , Wo          , Wo          
Wo          , Wo          , Wo          , Wo          , Wo          , Wo          , Wo          , Wo          , Wo          , Wo          , Wo          , Wo          , Wo          , Wo          , Wo          , Wo          , Wo          , Wo          , Wo          , Wo          , Wo          , Wo          , Wo          , Wo          , Wo          , Wo          , Wo          , Wo          , Wo          , Wo          , Wo          , Wo          , Wo          , Wo          , Wo          , Wo          , Wo          , Wo          , Wo          , Wo          , Wo          , Wo          , Wo          , Wo          , Wo          , Wo          , Wo          , Wo          , Wo          , Wo          , Wo          , Wo          , Wo          , Wo          , Wo          , Wo          , Wo          , Wo          , Wo          , Wo          , Wo          , Wo          , Wo          , Wo          , Wo          , Wo          , Wo          , Wo          , Wo          
Wo          , Wo          , Wo          , Wo          , Wo          , Wo          , Wo          , Wo          , Wo          , Wo          , Wo          , Wo          , Wo          , Wo          , Wo          , Wo          , Wo          , Wo          , Wo          , Wo          , Wo          , Wo          , Wo          , Wo          , Wo          , Wo          , Wo          , Wo          , Wo          , Wo          , Wo          , Wo          , Wo          , Wo          , Wo          , Wo          , Wo          , Wo          , Wo          , Wo          , Wo          , Wo          , Wo          , Wo          , Wo          , Wo          , Wo          , Wo          , Wo          , Wo          , Wo          , Wo          , Wo          , Wo          , Wo          , Wo          , Wo          , Wo          , Wo          , Wo          , Wo          , Wo          , Wo          , Wo          , Wo          , Wo          , Wo          , Wo          , Wo          
Wo          , Wo          , Wo          , Wo          , Wo          , Wo          , Wo          , Wo          , Wo          , Wo          , Wo          , Wo          , Wo          , Wo          , Wo          , Wo          , Wo          , Wo          , Wo          , Wo          , Wo          , Wo          , Wo          , Wo          , Wo          , Wo          , Wo          , Wo          , Wo          , Wo          , Wo          , Wo          , Wo          , Wo          , Wo          , Wo          , Wo          , Wo          , Wo          , Wo          , Wo          , Wo          , Wo          , Wo          , Wo          , Wo          , Wo          , Wo          , Wo          , Wo          , Wo          , Wo          , Wo          , Wo          , Wo          , Wo          , Wo          , Wo          , Wo          , Wo          , Wo          , Wo          , Wo          , Wo          , Wo          , Wo          , Wo          , Wo          , Wo          
Wo          , Wo          , Wo          , Wo          , Wo          , Wo          , Wo          , Wo          , Wo          , Wo          , Wo          , Wo          , Wo          , Wo          , Wo          , Wo          , Wo          , Wo          , Wo          , Wo          , Wo          , Wo          , Wo          , Wo          , Wo          , Wo          , Wo          , Wo          , Wo          , Wo          , Wo          , Wo          , Wo          , Wo          , Wo          , Wo          , Wo          , Wo          , Wo          , Wo          , Wo          , Wo          , Wo          , Wo          , Wo          , Wo          , Wo          , Wo          , Wo          , Wo          , Wo          , Wo          , Wo          , Wo          , Wo          , Wo          , Wo          , Wo          , Wo          , Wo          , Wo          , Wo          , Wo          , Wo          , Wo          , Wo          , Wo          , Wo          , Wo          
Wo          , Wo          , Wo          , Wo          , Wo          , Wo          , Wo          , Wo          , Wo          , Wo          , Wo          , Wo          , Wo          , Wo          , Wo          , Wo          , Wo          , Wo          , Wo          , Wo          , Wo          , Wo          , Wo          , Wo          , Wo          , Wo          , Wo          , Wo          , Wo          , Wo          , Wo          , Wo          , Wo          , Wo          , Wo          , Wo          , Wo          , Wo          , Wo          , Wo          , Wo          , Wo          , Wo          , Wo          , Wo          , Wo          , Wo          , Wo          , Wo          , Wo          , Wo          , Wo          , Wo          , Wo          , Wo          , Wo          , Wo          , Wo          , Wo          , Wo          , Wo          , Wo          , Wo          , Wo          , Wo          , Wo          , Wo          , Wo          , Wo          
Wo          , Wo          , Wo          , Wo          , Wo          , Wo          , Wo          , Wo          , Wo          , Wo          , Wo          , Wo          , Wo          , Wo          , Wo          , Wo          , Wo          , Wo          , Wo          , Wo          , Wo          , Wo          , Wo          , Wo          , Wo          , Wo          , Wo          , Wo          , Wo          , Wo          , Wo          , Wo          , Wo          , Wo          , Wo          , Wo          , Wo          , Wo          , Wo          , Wo          , Wo          , Wo          , Wo          , Wo          , Wo          , Wo          , Wo          , Wo          , Wo          , Wo          , Wo          , Wo          , Wo          , Wo          , Wo          , Wo          , Wo          , Wo          , Wo          , Wo          , Wo          , Wo          , Wo          , Wo          , Wo          , Wo          , Wo          , Wo          , Wo          
Wo          , Wo          , Wo          , Wo          , Wo          , Wo          , Wo          , Wo          , Wo          , Wo          , Wo          , Wo          , Wo          , Wo          , Wo          , Wo          , Wo          , Wo          , Wo          , Wo          , Wo          , Wo          , Wo          , Wo          , Wo          , Wo          , Wo          , Wo          , Wo          , Wo          , Wo          , Wo          , Wo          , Wo          , Wo          , Wo          , Wo          , Wo          , Wo          , Wo          , Wo          , Wo          , Wo          , Wo          , Wo          , Wo          , Wo          , Wo          , Wo          , Wo          , Wo          , Wo          , Wo          , Wo          , Wo          , Wo          , Wo          , Wo          , Wo          , Wo          , Wo          , Wo          , Wo          , Wo          , Wo          , Wo          , Wo          , Wo          , Wo          
Wo          , Wo          , Wo          , Wo          , Wo          , Wo          , Wo          , Wo          , Wo          , Wo          , Wo          , Wo          , Wo          , Wo          , Wo          , Wo          , Wo          , Wo          , Wo          , Wo          , Wo          , Wo          , Wo          , Wo          , Wo          , Wo          , Wo          , Wo          , Wo          , Wo          , Wo          , Wo          , Wo          , Wo          , Wo          , Wo          , Wo          , Wo          , Wo          , Wo          , Wo          , Wo          , Wo          , Wo          , Wo          , Wo          , Wo          , Wo          , Wo          , Wo          , Wo          , Wo          , Wo          , Wo          , Wo          , Wo          , Wo          , Wo          , Wo          , Wo          , Wo          , Wo          , Wo          , Wo          , Wo          , Wo          , Wo          , Wo          , Wo
